================================================================================
POS SALES FULL SYNC - AUGUST 2026 (FULL MONTH)
================================================================================
Period: 2026-08-01 to 2026-08-31
Company: CALF (ID: 1)
Threshold: 58,000 records/day
DB Timeout: 30min
Commit: EVERY page
================================================================================

Started at: 2026-09-02 21:55:41

Checking existing DB counts...

Date             Before Action         
----------------------------------------
2026-08-01       66,821 skip (OK)      
2026-08-02       62,319 skip (OK)      
2026-08-03       56,092 re-sync (56,092)
2026-08-04       56,289 re-sync (56,289)
2026-08-05       49,627 re-sync (49,627)
2026-08-06       52,132 re-sync (52,132)
2026-08-07       56,027 re-sync (56,027)
2026-08-08       63,661 skip (OK)      
2026-08-09       57,217 re-sync (57,217)
2026-08-10       47,501 re-sync (47,501)
2026-08-11       50,307 re-sync (50,307)
2026-08-12       50,140 re-sync (50,140)
2026-08-13       50,059 re-sync (50,059)
2026-08-14       55,323 re-sync (55,323)
2026-08-15       60,383 skip (OK)      
2026-08-16       57,612 re-sync (57,612)
2026-08-17       57,157 re-sync (57,157)
2026-08-18       46,529 re-sync (46,529)
2026-08-19       46,192 re-sync (46,192)
2026-08-20       66,521 skip (OK)      
2026-08-21       55,940 re-sync (55,940)
2026-08-22       65,857 skip (OK)      
2026-08-23       60,162 skip (OK)      
2026-08-24       58,346 skip (OK)      
2026-08-25       62,513 skip (OK)      
2026-08-26       54,116 re-sync (54,116)
2026-08-27       56,829 re-sync (56,829)
2026-08-28       63,792 skip (OK)      
2026-08-29       70,480 skip (OK)      
2026-08-30       62,330 skip (OK)      
2026-08-31       19,244 re-sync (19,244)

Total dates to process: 31

[1/31] Processing 2026-08-01...
  [2026-08-01] OK: 66,821 records (>= 58,000) - skipping

[2/31] Processing 2026-08-02...
  [2026-08-02] OK: 62,319 records (>= 58,000) - skipping

[3/31] Processing 2026-08-03...
  [2026-08-03] API Total: 34911, Pages: 1746
  [2026-08-03] Page 1/1746: +20 (total: 20)
  [2026-08-03] Page 2/1746: +20 (total: 40)
  [2026-08-03] Page 3/1746: +20 (total: 60)
  [2026-08-03] Page 4/1746: +20 (total: 80)
  [2026-08-03] Page 5/1746: +20 (total: 100)
^C